This is pdfTeX, Version 3.141592653-2.6-1.40.22 (TeX Live 2022/dev/Debian) (preloaded format=pdflatex)
 restricted \write18 enabled.
entering extended mode
(./ren01.tex
LaTeX2e <2021-11-15> patch level 1
L3 programming layer <2022-01-21>
(/usr/share/texlive/texmf-dist/tex/latex/base/article.cls
Document Class: article 2021/10/04 v1.4n Standard LaTeX document class
(/usr/share/texlive/texmf-dist/tex/latex/base/size12.clo))
(/usr/share/texlive/texmf-dist/tex/latex/graphics/graphicx.sty
(/usr/share/texlive/texmf-dist/tex/latex/graphics/keyval.sty)
(/usr/share/texlive/texmf-dist/tex/latex/graphics/graphics.sty
(/usr/share/texlive/texmf-dist/tex/latex/graphics/trig.sty)
(/usr/share/texlive/texmf-dist/tex/latex/graphics-cfg/graphics.cfg)
(/usr/share/texlive/texmf-dist/tex/latex/graphics-def/pdftex.def)))
(/usr/share/texlive/texmf-dist/tex/latex/amsmath/amsmath.sty
For additional information on amsmath, use the `?' option.
(/usr/share/texlive/texmf-dist/tex/latex/amsmath/amstext.sty
(/usr/share/texlive/texmf-dist/tex/latex/amsmath/amsgen.sty))
(/usr/share/texlive/texmf-dist/tex/latex/amsmath/amsbsy.sty)
(/usr/share/texlive/texmf-dist/tex/latex/amsmath/amsopn.sty))
(/usr/share/texlive/texmf-dist/tex/latex/amsfonts/amssymb.sty
(/usr/share/texlive/texmf-dist/tex/latex/amsfonts/amsfonts.sty))
(/usr/share/texlive/texmf-dist/tex/latex/natbib/natbib.sty)
(/usr/share/texlive/texmf-dist/tex/latex/hyperref/hyperref.sty
(/usr/share/texlive/texmf-dist/tex/generic/ltxcmds/ltxcmds.sty)
(/usr/share/texlive/texmf-dist/tex/generic/iftex/iftex.sty)
(/usr/share/texlive/texmf-dist/tex/generic/pdftexcmds/pdftexcmds.sty
(/usr/share/texlive/texmf-dist/tex/generic/infwarerr/infwarerr.sty))
(/usr/share/texlive/texmf-dist/tex/generic/kvsetkeys/kvsetkeys.sty)
(/usr/share/texlive/texmf-dist/tex/generic/kvdefinekeys/kvdefinekeys.sty)
(/usr/share/texlive/texmf-dist/tex/generic/pdfescape/pdfescape.sty)
(/usr/share/texlive/texmf-dist/tex/latex/hycolor/hycolor.sty)
(/usr/share/texlive/texmf-dist/tex/latex/letltxmacro/letltxmacro.sty)
(/usr/share/texlive/texmf-dist/tex/latex/auxhook/auxhook.sty)
(/usr/share/texlive/texmf-dist/tex/latex/kvoptions/kvoptions.sty)
(/usr/share/texlive/texmf-dist/tex/latex/hyperref/pd1enc.def)
(/usr/share/texlive/texmf-dist/tex/latex/hyperref/hyperref-langpatches.def)
(/usr/share/texlive/texmf-dist/tex/generic/intcalc/intcalc.sty)
(/usr/share/texlive/texmf-dist/tex/generic/etexcmds/etexcmds.sty)
(/usr/share/texlive/texmf-dist/tex/latex/hyperref/puenc.def)
(/usr/share/texlive/texmf-dist/tex/latex/url/url.sty)
(/usr/share/texlive/texmf-dist/tex/generic/bitset/bitset.sty
(/usr/share/texlive/texmf-dist/tex/generic/bigintcalc/bigintcalc.sty))
(/usr/share/texlive/texmf-dist/tex/latex/base/atbegshi-ltx.sty))
(/usr/share/texlive/texmf-dist/tex/latex/hyperref/hpdftex.def
(/usr/share/texlive/texmf-dist/tex/latex/base/atveryend-ltx.sty)
(/usr/share/texlive/texmf-dist/tex/latex/rerunfilecheck/rerunfilecheck.sty
(/usr/share/texlive/texmf-dist/tex/generic/uniquecounter/uniquecounter.sty)))
(/usr/share/texlive/texmf-dist/tex/latex/float/float.sty)
(/usr/share/texlive/texmf-dist/tex/latex/caption/caption.sty
(/usr/share/texlive/texmf-dist/tex/latex/caption/caption3.sty))
(/usr/share/texlive/texmf-dist/tex/latex/caption/subcaption.sty)
(/usr/share/texlive/texmf-dist/tex/latex/geometry/geometry.sty
(/usr/share/texlive/texmf-dist/tex/generic/iftex/ifvtex.sty))
(/usr/share/texlive/texmf-dist/tex/latex/xcolor/xcolor.sty
(/usr/share/texlive/texmf-dist/tex/latex/graphics-cfg/color.cfg))
(/usr/share/texlive/texmf-dist/tex/latex/booktabs/booktabs.sty)
(/usr/share/texlive/texmf-dist/tex/latex/mathtools/mathtools.sty
(/usr/share/texlive/texmf-dist/tex/latex/tools/calc.sty)
(/usr/share/texlive/texmf-dist/tex/latex/mathtools/mhsetup.sty))
(/usr/share/texlive/texmf-dist/tex/latex/base/inputenc.sty)
(/usr/share/texlive/texmf-dist/tex/latex/base/textcomp.sty)
(/usr/share/texlive/texmf-dist/tex/latex/was/gensymb.sty)
(/usr/share/texlive/texmf-dist/tex/generic/babel/babel.sty
(/usr/share/texlive/texmf-dist/tex/generic/babel/txtbabel.def)
(/usr/share/texlive/texmf-dist/tex/generic/babel-english/english.ldf))
(/usr/share/texlive/texmf-dist/tex/latex/l3backend/l3backend-pdftex.def)
(./ren01.aux)
(/usr/share/texlive/texmf-dist/tex/context/base/mkii/supp-pdf.mkii
[Loading MPS to PDF converter (version 2006.09.02).]
) (/usr/share/texlive/texmf-dist/tex/latex/epstopdf-pkg/epstopdf-base.sty
(/usr/share/texlive/texmf-dist/tex/latex/grfext/grfext.sty)
(/usr/share/texlive/texmf-dist/tex/latex/latexconfig/epstopdf-sys.cfg))
(/usr/share/texlive/texmf-dist/tex/latex/hyperref/nameref.sty
(/usr/share/texlive/texmf-dist/tex/latex/refcount/refcount.sty)
(/usr/share/texlive/texmf-dist/tex/generic/gettitlestring/gettitlestring.sty))
(./ren01.out) (./ren01.out)
*geometry* driver: auto-detecting
*geometry* detected driver: pdftex
(/usr/share/texlive/texmf-dist/tex/latex/amsfonts/umsa.fd)
(/usr/share/texlive/texmf-dist/tex/latex/amsfonts/umsb.fd)
Overfull \hbox (0.13405pt too wide) in paragraph at lines 50--51
[]\OT1/cmr/m/n/10.95 REN-01 is a pro-posed com-pound de-signed to bias regime p
er-sis-tence in dopamin-
[1{/var/lib/texmf/fonts/map/pdftex/updmap/pdftex.map} <./figures/reop_logo.png 
(PNG copy)>] [2] [3] [4]
Overfull \vbox (14.39774pt too high) has occurred while \output is active
[5 <./figures/system_schematic.png>] [6] [7] [8]
Overfull \hbox (13.00644pt too wide) in paragraph at lines 169--170
[]\OT1/cmr/m/n/12 In Parkin-son's dis-ease, as-tro-cyte dys-func-tion con-tribu
tes to the de-gen-er-a-tion of dopamin-
[9] [10] (/usr/share/texlive/texmf-dist/tex/latex/amsfonts/ueuf.fd) [11]
[12]
Underfull \hbox (badness 10000) in paragraph at lines 341--341
[]\OT1/cmr/bx/n/10.95 Context

Overfull \hbox (8.93001pt too wide) in paragraph at lines 341--342
[]\OT1/cmr/bx/n/10.95 Quantum| 

Package hyperref Warning: Token not allowed in a PDF string (Unicode):
(hyperref)                removing `math shift' on input line 353.


Package hyperref Warning: Token not allowed in a PDF string (Unicode):
(hyperref)                removing `math shift' on input line 353.

[13] [14] [15 <./figures/fig1a_healthy_quaternion_components.png>] [16 <./figur
es/fig1b_degenerative_quaternion_components.png>] [17 <./figures/fig1c_ren01_qu
aternion_components.png>] [18 <./figures/fig2_algebraic_chain_trajectories.png>
] [19 <./figures/fig3_coherence_order_parameter.png>] [20 <./figures/fig4_entro
py_dopamine_fields.png>] [21 <./figures/fig5a_r1_attractor_topology.png>]
[22 <./figures/fig5b_r2_overlaid_histograms.png>] [23 <./figures/fig5c_r2_boxpl
ots.png>] [24 <./figures/fig5d_ablation_ordering.png> <./figures/fig5e_ablation
_fields.png>] [25 <./figures/fig5f_ablation_summary.png>] [26]
Overfull \hbox (17.93149pt too wide) in paragraph at lines 534--535
\OT1/cmr/m/n/12 MOR or as-tro-cytic CB2 re-cep-tors (not both si-mul-ta-ne-ousl
y on dif-fer-ent cells), the population-
[27] [28] [29]
Overfull \hbox (7.26958pt too wide) in paragraph at lines 638--639
[]$\OML/cmm/m/it/12  []\OT1/cmr/m/n/12 (\OML/cmm/m/it/12 x; t\OT1/cmr/m/n/12 )$
: Dopamin-er-gic ac-tiv-ity field, rep-re-sent-ing the func-tional ac-tiv-ity o
f dopamin-
[30] [31]
Underfull \hbox (badness 10000) in paragraph at lines 746--746
[]\OT1/cmr/m/n/10.95 Quaternion field

Underfull \hbox (badness 10000) in paragraph at lines 752--753
[]$\OT1/cmr/m/n/10.95 0\OML/cmm/m/it/10.95 :\OT1/cmr/m/n/10.95 005$ (grid

Underfull \hbox (badness 1331) in paragraph at lines 757--757
[]\OT1/cmr/m/n/10.95 Penalty for j-axis mis-align-

Underfull \hbox (badness 10000) in paragraph at lines 762--762
[]\OT1/cmr/m/n/10.95 i-component sup-pres-sion

Underfull \hbox (badness 2181) in paragraph at lines 767--767
[]\OT1/cmr/m/n/10.95 Bias to-ward regime per-sis-
[32] [33] [34] [35] [36] [37] [38]
Overfull \hbox (7.30093pt too wide) in paragraph at lines 1013--1014
[]\OT1/cmr/m/n/12 Sensitivity anal-y-sis con-firm-ing qual-i-ta-tive in-sen-si-
tiv-ity to pa-ram-e-ter vari-a-tions within

Overfull \hbox (2.98317pt too wide) in paragraph at lines 1017--1018
[]\OT1/cmr/m/it/12 Note: These are com-pu-ta-tional model pre-dic-tions re-quir
-ing em-pir-i-cal val-i-da-tion through
[39] [40] [41] [42]
Overfull \hbox (2.7885pt too wide) in paragraph at lines 1168--1169
\OT1/cmr/m/n/12 Computational mod-el-ing of REN-01's ef-fects em-ploys so-phis-
ti-cated sim-u-la-tion ap-proaches: 
[43] [44] [45] [46] [47] [48] [49] [50] [51] [52] [53] [54]
Overfull \hbox (1.62183pt too wide) in paragraph at lines 1715--1716
[]\OT1/cmr/m/n/12 This model al-lows quan-ti-ta-tive pre-dic-tion of brain ex-p
o-sure based on peptide-enhanced
[55]
Overfull \hbox (0.41844pt too wide) in paragraph at lines 1763--1764
 []\OT1/cmr/bx/n/12 Receptor-Targeted Pep-tide Shut-tles[] \OT1/cmr/m/n/12 Pep-
tides tar-get-ing spe-cific re-cep-tors ex-pressed

Overfull \hbox (0.99962pt too wide) in paragraph at lines 1766--1767
[]\OT1/cmr/m/n/12 Transferrin re-cep-tor (TfR)-binding pep-tides achieve brain 
de-liv-ery through receptor-
[56]
Overfull \hbox (5.72598pt too wide) in paragraph at lines 1767--1768
[]\OT1/cmr/m/n/12 Low-density lipopro-tein receptor-related pro-tein 1 (LRP1)-t
argeting pep-tides demon-

Overfull \hbox (2.82751pt too wide) in paragraph at lines 1771--1772
[]\OT1/cmr/m/n/12 Our op-ti-mized TfR-binding pep-tide (THRPPMWSPVWP) sug-gests
 high-affinity bind-
[57]
Overfull \hbox (4.13142pt too wide) in paragraph at lines 1803--1804
 []\OT1/cmr/bx/n/12 Computational Pep-tide De-sign Op-ti-miza-tion[] \OT1/cmr/m
/n/12 Ad-vanced com-pu-ta-tional ap-proaches

Overfull \hbox (14.03839pt too wide) in paragraph at lines 1811--1812
[]\OT1/cmr/m/n/12 Our com-pu-ta-tional pipeline has iden-ti-fied a min-i-mal 7-
amino acid se-quence (FRHKQLW)
[58] [59] [60]
Overfull \hbox (1.74413pt too wide) in paragraph at lines 1898--1899
[]\OT1/cmr/bx/n/12 Validation re-quire-ments\OT1/cmr/m/n/12 : All model pre-dic
-tions, in-clud-ing col-lapse met-ric thresh-
[61] [62] [63]
Overfull \hbox (3.25375pt too wide) in paragraph at lines 2021--2022
[]\OT1/cmr/m/n/12 Successful reg-u-la-tory nav-i-ga-tion of dual-targeting com-
pounds through fo-cused mech-
[64] [65] [66] [67] [68] [69]
Overfull \hbox (2.08162pt too wide) in paragraph at lines 2248--2249
[]\OT1/cmr/bx/n/12 High-performance com-put-ing im-ple-men-ta-tions\OT1/cmr/m/n
/12 : En-abling sim-u-la-tion of larger
[70] [71] [72]
Overfull \hbox (1.7288pt too wide) in paragraph at lines 2348--2349
[]\OT1/cmr/bx/n/12 Innovative trial de-signs\OT1/cmr/m/n/12 : Im-ple-ment-ing a
dap-tive pro-to-cols and en-rich-ment strate-
[73] [74]
Overfull \hbox (27.7536pt too wide) in paragraph at lines 2433--2434
\OT1/cmr/m/n/12 Neuro ds000245 OS-ITJ dopamine proxy scores show pro-gres-sive 
deficit: con-trols (mean=10.40),
(./ren01.bbl [75] [76] [77] [78]) [79] (./ren01.aux)

LaTeX Warning: Label(s) may have changed. Rerun to get cross-references right.

 )
(see the transcript file for additional information) </home/ubuntu/.texlive2021
/texmf-var/fonts/pk/ljfour/jknappen/ec/tcrm1200.600pk></usr/share/texlive/texmf
-dist/fonts/type1/public/amsfonts/cm/cmbx10.pfb></usr/share/texlive/texmf-dist/
fonts/type1/public/amsfonts/cm/cmbx12.pfb></usr/share/texlive/texmf-dist/fonts/
type1/public/amsfonts/cm/cmex10.pfb></usr/share/texlive/texmf-dist/fonts/type1/
public/amsfonts/cm/cmmi10.pfb></usr/share/texlive/texmf-dist/fonts/type1/public
/amsfonts/cm/cmmi12.pfb></usr/share/texlive/texmf-dist/fonts/type1/public/amsfo
nts/cm/cmmi8.pfb></usr/share/texlive/texmf-dist/fonts/type1/public/amsfonts/cm/
cmr10.pfb></usr/share/texlive/texmf-dist/fonts/type1/public/amsfonts/cm/cmr12.p
fb></usr/share/texlive/texmf-dist/fonts/type1/public/amsfonts/cm/cmr17.pfb></us
r/share/texlive/texmf-dist/fonts/type1/public/amsfonts/cm/cmr6.pfb></usr/share/
texlive/texmf-dist/fonts/type1/public/amsfonts/cm/cmr8.pfb></usr/share/texlive/
texmf-dist/fonts/type1/public/amsfonts/cm/cmsy10.pfb></usr/share/texlive/texmf-
dist/fonts/type1/public/amsfonts/cm/cmsy8.pfb></usr/share/texlive/texmf-dist/fo
nts/type1/public/amsfonts/cm/cmti10.pfb></usr/share/texlive/texmf-dist/fonts/ty
pe1/public/amsfonts/cm/cmti12.pfb></usr/share/texlive/texmf-dist/fonts/type1/pu
blic/amsfonts/euler/eufm10.pfb></usr/share/texlive/texmf-dist/fonts/type1/publi
c/amsfonts/symbols/msbm10.pfb>
Output written on ren01.pdf (79 pages, 22696550 bytes).
Transcript written on ren01.log.
